// Jest Snapshot v1, https://jestjs.io/docs/snapshot-testing

exports[`redis-adapter test _createClientBase on CF | AWS-cluster 1`] = `
[
  {
    "defaults": {
      "password": "mock-password",
      "pingInterval": 240000,
      "socket": {
        "host": "clustercfg.rg-0c94f0c1-db0a-495d-b385-4a44a87fc398.vwvwdz.euc1.cache.amazonaws.com",
        "port": 3991,
        "tls": true,
      },
    },
    "rootNodes": [
      {
        "password": "mock-password",
        "pingInterval": 240000,
        "socket": {
          "host": "clustercfg.rg-0c94f0c1-db0a-495d-b385-4a44a87fc398.vwvwdz.euc1.cache.amazonaws.com",
          "port": 3991,
          "tls": true,
        },
      },
    ],
  },
]
`;

exports[`redis-adapter test _createClientBase on CF | AZURE 1`] = `
[
  {
    "password": "mock-password",
    "pingInterval": 240000,
    "socket": {
      "ca": "-----BEGIN CERTIFICATE-----
MIIDjjCCAnagAwIBAgIQAzrx5qcRqaC7KGSxHQn65TANBgkqhkiG9w0BAQsFADBh
MQswCQYDVQQGEwJVUzEVMBMGA1UEChMMRGlnaUNlcnQgSW5jMRkwFwYDVQQLExB3
d3cuZGlnaWNlcnQuY29tMSAwHgYDVQQDExdEaWdpQ2VydCBHbG9iYWwgUm9vdCBH
MjAeFw0xMzA4MDExMjAwMDBaFw0zODAxMTUxMjAwMDBaMGExCzAJBgNVBAYTAlVT
MRUwEwYDVQQKEwxEaWdpQ2VydCBJbmMxGTAXBgNVBAsTEHd3dy5kaWdpY2VydC5j
b20xIDAeBgNVBAMTF0RpZ2lDZXJ0IEdsb2JhbCBSb290IEcyMIIBIjANBgkqhkiG
9w0BAQEFAAOCAQ8AMIIBCgKCAQEAuzfNNNx7a8myaJCtSnX/RrohCgiN9RlUyfuI
2/Ou8jqJkTx65qsGGmvPrC3oXgkkRLpimn7Wo6h+4FR1IAWsULecYxpsMNzaHxmx
1x7e/dfgy5SDN67sH0NO3Xss0r0upS/kqbitOtSZpLYl6ZtrAGCSYP9PIUkY92eQ
q2EGnI/yuum06ZIya7XzV+hdG82MHauVBJVJ8zUtluNJbd134/tJS7SsVQepj5Wz
tCO7TG1F8PapspUwtP1MVYwnSlcUfIKdzXOS0xZKBgyMUNGPHgm+F6HmIcr9g+UQ
vIOlCsRnKPZzFBQ9RnbDhxSJITRNrw9FDKZJobq7nMWxM4MphQIDAQABo0IwQDAP
BgNVHRMBAf8EBTADAQH/MA4GA1UdDwEB/wQEAwIBhjAdBgNVHQ4EFgQUTiJUIBiV
5uNu5g/6+rkS7QYXjzkwDQYJKoZIhvcNAQELBQADggEBAGBnKJRvDkhj6zHd6mcY
1Yl9PMWLSn/pvtsrF9+wX3N3KjITOYFnQoQj8kVnNeyIv/iPsGEMNKSuIEyExtv4
NeF22d+mQrvHRAiGfzZ0JFrabA0UWTW98kndth/Jsw1HKj2ZL7tcu7XUIOGZX1NG
Fdtom/DzMNU+MeKNhJ7jitralj41E6Vf8PlwUHBHQRFXGU7Aj64GxJUTFy8bJZ91
8rGOmaFvE7FBcf6IKshPECBV1/MUReXgRPTqh5Uykw7+U0b6LJ3/iyK5S9kJRaTe
pLiaWN0bfVKfjllDiIGknibVb63dDcY3fe0Dkhvld1927jyNxF1WW6LZZm6zNTfl
MrY=
-----END CERTIFICATE-----
",
      "host": "redis-389395bc-9765-4d9a-ba6b-7252c136abab.redis.cache.windows.net",
      "port": 6380,
      "tls": true,
    },
  },
]
`;

exports[`redis-adapter test _createClientBase on CF | Alibaba 1`] = `
[
  {
    "password": "mock-password",
    "pingInterval": 240000,
    "socket": {
      "host": "r-uid.redis.rds.aliyuncs.com",
      "port": 1325,
      "tls": false,
    },
  },
]
`;

exports[`redis-adapter test _createClientBase on CF | GCP 1`] = `
[
  {
    "password": "mock-password",
    "pingInterval": 240000,
    "socket": {
      "ca": "-----BEGIN CERTIFICATE-----
MIIDnTCCAoWgAwIBAgIBADANBgkqhkiG9w0BAQsFADCBhTEtMCsGA1UELhMkZTU3
MzI4ZDMtNTE2Yy00NGU3LThmOTAtMzgxNWM5YWNiMmQyMTEwLwYDVQQDEyhHb29n
bGUgQ2xvdWQgTWVtb3J5c3RvcmUgUmVkaXMgU2VydmVyIENBMRQwEgYDVQQKEwtH
b29nbGUsIEluYzELMAkGA1UEBhMCVVMwHhcNMjUwMTMwMTMxMTE2WhcNMzUwMTI4
MTMxMjE2WjCBhTEtMCsGA1UELhMkZTU3MzI4ZDMtNTE2Yy00NGU3LThmOTAtMzgx
NWM5YWNiMmQyMTEwLwYDVQQDEyhHb29nbGUgQ2xvdWQgTWVtb3J5c3RvcmUgUmVk
aXMgU2VydmVyIENBMRQwEgYDVQQKEwtHb29nbGUsIEluYzELMAkGA1UEBhMCVVMw
ggEiMA0GCSqGSIb3DQEBAQUAA4IBDwAwggEKAoIBAQDegUdmG2olmCy4ExNjWegi
0e1paXudl1gQVsbJJJjTXiapMWrXt++pHZ6K9Fs9eVakwO7/LWpGflBMWq6hizO7
thn84pdO1OUpekqySuJR+aaSJHY4rIk7Z8gE2rop+wD/WVgUYGwhOxQx2gYouMUD
ahgJgjzSXF45xf4sogSnRIMHVIfItKEqtJXxe/lYi9czYCG8mLEMTj4pVajwbiQs
C04f35u3LEN8H1DdxzfRYOKKLxZsnKdCOEtEOERmnZDs2R8Bx7hDJhLm3W755qO3
Tcs8WLsZxEd3nAkuGtdxHvi3CEhQy8aK1pNgLgfArnqQOFRyuoeiyKejnJU2pGvp
AgMBAAGjFjAUMBIGA1UdEwEB/wQIMAYBAf8CAQAwDQYJKoZIhvcNAQELBQADggEB
ADz/uCxcWghN6k14pyhfxyPb8PP9HlF3UbUWL/yEH0NoUONfKlw6+A5GftXS0fSk
BGoLVDJcQ+RhiyZAZCCQs/+DBSUoBIZuh13Pna0rLjLZ8fEGbog2SX6x38aRukK0
VHI4OLPAa4H+tDSdYbFsEhGJhTp/cU1Jfqez3dQ3jSVSATnilwKRciUYGfwFsZ3M
xMVam7yaWezmwu3MV2YHL5vmBtLt/alAe6I6D8tgrQ2iVuKc0+t4TCVrbYH4MC3M
WVpbcDGaz0R4I4jt/QW81nzFnBZoGGeWVGDpeJH/IHx7GTaR9DA/jW+DlzxaZbNF
OaBkbsmZ7lRZ0RkIIZgYbyw=
-----END CERTIFICATE-----",
      "host": "10.160.68.75",
      "port": 6378,
      "tls": true,
    },
  },
]
`;

exports[`redis-adapter test _createClientBase on CF | SCI 1`] = `
[
  {
    "defaults": {
      "password": "mock-password",
      "pingInterval": 240000,
      "socket": {
        "ca": "-----BEGIN CERTIFICATE-----
MIIF0zCCA7ugAwIBAgIUEbp3j8dA2URSfSISkZaBWn8GPfgwDQYJKoZIhvcNAQEL
BQAweTELMAkGA1UEBhMCREUxEDAOBgNVBAcMB0NGLUVVMDExDzANBgNVBAoMBlNB
UCBTRTEhMB8GA1UECwwYU0FQIEJUUCBCYWNraW5nIFNlcnZpY2VzMSQwIgYDVQQD
DBtTQVAgQlRQIEJhY2tpbmcgU2VydmljZXMgQ0EwHhcNMjUwNjEzMTEyNzA1WhcN
NDUwNjA4MTEyNzA1WjB5MQswCQYDVQQGEwJERTEQMA4GA1UEBwwHQ0YtRVUwMTEP
MA0GA1UECgwGU0FQIFNFMSEwHwYDVQQLDBhTQVAgQlRQIEJhY2tpbmcgU2Vydmlj
ZXMxJDAiBgNVBAMMG1NBUCBCVFAgQmFja2luZyBTZXJ2aWNlcyBDQTCCAiIwDQYJ
KoZIhvcNAQEBBQADggIPADCCAgoCggIBAKpdk61wM9gXpS7kpa5DmEQd5QB8624C
hcMxpC6mDgLwlUATy1rWeVAcANfiWUj+Hi5hG8XkOjJt3VC42av9zQ+4u2yRlLcp
oplvC9ASF3BTAgxHjCDsJBrm9khAwS6/aijCj3HdD3PM16jiJiKnfCN4/E2gOTAX
KmXMD/pVxwrpuk9Xcfx6godx3Mc5BV+7Bt7wgC5t915f3mpMZX/BO9pQJ+idDXa9
KqMYQgYqZ7qUhSwDoEeDIRGErT1M+qco7DyJYXfJJg6LBaIzgbjqm0NdRPBBGmmj
R1mcWFLGzFGEsThitE0JGup268hk6h7OM6pO9B7UPDEbJMf4ypL31TNeBEOQiFRI
QU5oGvOxowo9r2ZZTAjnismtS4NjBxh9FXcaE8ok8nqys2Bvd+KA1AZqjveq6Fx3
5suT3bc4Z3ukn3SJbW42KrI5ZeKmEEbBNUW2SghksCKFwrHemv0FaE5BeIrPNTmR
olJjU077Pegf0K06KHHQ+Y7+rzkBrLa+QOivkXoV2jeLGQcbwnnBm1kVuJ9dkzWs
203gnLwzIUghe4sWLDrBxmLaWgzeTGfKhTBS0Sw/07JpxPc/GXtdueaWkReJdVqY
vTDTRp4KULMfp5fw34LPoV+V/8Y6zn1n6rD5u3BbqHgnouNYRbjlioBMGvoaL3YE
XINZ28s1W4eTAgMBAAGjUzBRMB0GA1UdDgQWBBSHNOlIdYjokpdMvk/SNgtgYH++
yDAfBgNVHSMEGDAWgBSHNOlIdYjokpdMvk/SNgtgYH++yDAPBgNVHRMBAf8EBTAD
AQH/MA0GCSqGSIb3DQEBCwUAA4ICAQCiaXME4DYLyGzb7XgEnLpnwooKhaiewgSu
wEnaHRea4t39/ikdRaXXGyTjGJQVKQaqq7v+LICRr9hUUft3TFWCXQmRE2uZUghy
WQracCs1YuQZu6P/1r8+ielLjLBsKi+DNK95zIEKhJmNfBOaXYnzi78jpKzOn5q/
On8tRdbPqgzKkug2isdVHz+GGvs05FNxYdRId2g9sfJjt5W7Cgb8dzbtw3CXjVNN
CeQbMxTFuyk+plWIjEjSy1r5raR1QZFd72SrKok8qSiSYewAJmzI6mCLAoeF+xwm
ekY4ebO7uBUjCjhPHN8ES4UaEElCF3Wylv3nBbC4Fu8M/py+T9GV+i9ZAJVg/lBl
8rXsMeXqaF2pu/Zf6U2aSjHAv+dd4RRfPPPXLzsRrNLoo1mXGJPwxZ/sCwf/s/lp
+eNOoKjrjXwrztbuQVrQqVsu9g4IEc7a4x05C0gwk+Z3JeQlPDwnYnsq/JP6pexe
bYGCrrblOGMW/P5EN2ByomwfE2igYPdFrMt6W2aqighUrmR3KUIWqSfzO5fnYLsW
s8Sr1psOKunxlqUHtJq8QXJMvl2T3/I8RDTL4Cbp/tzfrXkMF04Gr9xX21drccl/
PnRlPGILZh6iqzqG+Z7r2xGB24BjPxoHSWDrVaOC3ghV3gl5N9M8RtErUJOyANHB
DGRibtCZ/A==
-----END CERTIFICATE-----
",
        "host": "127.0.0.1",
        "port": 6379,
        "tls": true,
      },
    },
    "rootNodes": [
      {
        "password": "mock-password",
        "pingInterval": 240000,
        "socket": {
          "ca": "-----BEGIN CERTIFICATE-----
MIIF0zCCA7ugAwIBAgIUEbp3j8dA2URSfSISkZaBWn8GPfgwDQYJKoZIhvcNAQEL
BQAweTELMAkGA1UEBhMCREUxEDAOBgNVBAcMB0NGLUVVMDExDzANBgNVBAoMBlNB
UCBTRTEhMB8GA1UECwwYU0FQIEJUUCBCYWNraW5nIFNlcnZpY2VzMSQwIgYDVQQD
DBtTQVAgQlRQIEJhY2tpbmcgU2VydmljZXMgQ0EwHhcNMjUwNjEzMTEyNzA1WhcN
NDUwNjA4MTEyNzA1WjB5MQswCQYDVQQGEwJERTEQMA4GA1UEBwwHQ0YtRVUwMTEP
MA0GA1UECgwGU0FQIFNFMSEwHwYDVQQLDBhTQVAgQlRQIEJhY2tpbmcgU2Vydmlj
ZXMxJDAiBgNVBAMMG1NBUCBCVFAgQmFja2luZyBTZXJ2aWNlcyBDQTCCAiIwDQYJ
KoZIhvcNAQEBBQADggIPADCCAgoCggIBAKpdk61wM9gXpS7kpa5DmEQd5QB8624C
hcMxpC6mDgLwlUATy1rWeVAcANfiWUj+Hi5hG8XkOjJt3VC42av9zQ+4u2yRlLcp
oplvC9ASF3BTAgxHjCDsJBrm9khAwS6/aijCj3HdD3PM16jiJiKnfCN4/E2gOTAX
KmXMD/pVxwrpuk9Xcfx6godx3Mc5BV+7Bt7wgC5t915f3mpMZX/BO9pQJ+idDXa9
KqMYQgYqZ7qUhSwDoEeDIRGErT1M+qco7DyJYXfJJg6LBaIzgbjqm0NdRPBBGmmj
R1mcWFLGzFGEsThitE0JGup268hk6h7OM6pO9B7UPDEbJMf4ypL31TNeBEOQiFRI
QU5oGvOxowo9r2ZZTAjnismtS4NjBxh9FXcaE8ok8nqys2Bvd+KA1AZqjveq6Fx3
5suT3bc4Z3ukn3SJbW42KrI5ZeKmEEbBNUW2SghksCKFwrHemv0FaE5BeIrPNTmR
olJjU077Pegf0K06KHHQ+Y7+rzkBrLa+QOivkXoV2jeLGQcbwnnBm1kVuJ9dkzWs
203gnLwzIUghe4sWLDrBxmLaWgzeTGfKhTBS0Sw/07JpxPc/GXtdueaWkReJdVqY
vTDTRp4KULMfp5fw34LPoV+V/8Y6zn1n6rD5u3BbqHgnouNYRbjlioBMGvoaL3YE
XINZ28s1W4eTAgMBAAGjUzBRMB0GA1UdDgQWBBSHNOlIdYjokpdMvk/SNgtgYH++
yDAfBgNVHSMEGDAWgBSHNOlIdYjokpdMvk/SNgtgYH++yDAPBgNVHRMBAf8EBTAD
AQH/MA0GCSqGSIb3DQEBCwUAA4ICAQCiaXME4DYLyGzb7XgEnLpnwooKhaiewgSu
wEnaHRea4t39/ikdRaXXGyTjGJQVKQaqq7v+LICRr9hUUft3TFWCXQmRE2uZUghy
WQracCs1YuQZu6P/1r8+ielLjLBsKi+DNK95zIEKhJmNfBOaXYnzi78jpKzOn5q/
On8tRdbPqgzKkug2isdVHz+GGvs05FNxYdRId2g9sfJjt5W7Cgb8dzbtw3CXjVNN
CeQbMxTFuyk+plWIjEjSy1r5raR1QZFd72SrKok8qSiSYewAJmzI6mCLAoeF+xwm
ekY4ebO7uBUjCjhPHN8ES4UaEElCF3Wylv3nBbC4Fu8M/py+T9GV+i9ZAJVg/lBl
8rXsMeXqaF2pu/Zf6U2aSjHAv+dd4RRfPPPXLzsRrNLoo1mXGJPwxZ/sCwf/s/lp
+eNOoKjrjXwrztbuQVrQqVsu9g4IEc7a4x05C0gwk+Z3JeQlPDwnYnsq/JP6pexe
bYGCrrblOGMW/P5EN2ByomwfE2igYPdFrMt6W2aqighUrmR3KUIWqSfzO5fnYLsW
s8Sr1psOKunxlqUHtJq8QXJMvl2T3/I8RDTL4Cbp/tzfrXkMF04Gr9xX21drccl/
PnRlPGILZh6iqzqG+Z7r2xGB24BjPxoHSWDrVaOC3ghV3gl5N9M8RtErUJOyANHB
DGRibtCZ/A==
-----END CERTIFICATE-----
",
          "host": "127.0.0.1",
          "port": 6379,
          "tls": true,
        },
      },
    ],
  },
]
`;
