// Jest Snapshot v1, https://goo.gl/fbAQLP

exports[`local integration test getFeatureValue, changeFeatureValue 2`] = `[]`;

exports[`local integration test getFeatureValue, changeFeatureValue 3`] = `
[
  [
    "%s | %O",
    "caught error event: connect ECONNREFUSED 127.0.0.1:6379",
    {
      "clientName": "main",
    },
  ],
]
`;

exports[`local integration test getFeatureValue, changeFeatureValue 4`] = `[]`;

exports[`local integration test getFeatureValue, changeFeatureValue 5`] = `[]`;

exports[`local integration test getFeatureValue, changeFeatureValue 6`] = `
[
  [
    "error during change remote feature values, switching to local update",
  ],
]
`;

exports[`local integration test getFeatureValue, changeFeatureValue 7`] = `[]`;

exports[`local integration test getFeatureValues, getFeatureConfigs 1`] = `
{
  "test/feature_a": {
    "appUrlActive": true,
    "fallbackValue": false,
    "fallbackValueValidation": [
      false,
    ],
    "type": "boolean",
    "validationRegExp": null,
  },
  "test/feature_b": {
    "appUrlActive": true,
    "fallbackValue": 1,
    "fallbackValueValidation": [
      1,
    ],
    "type": "number",
    "validationRegExp": null,
  },
  "test/feature_c": {
    "appUrlActive": true,
    "fallbackValue": "best",
    "fallbackValueValidation": [
      "best",
    ],
    "type": "string",
    "validationRegExp": null,
  },
  "test/feature_d": {
    "appUrlActive": true,
    "fallbackValue": true,
    "fallbackValueValidation": [
      true,
    ],
    "type": "boolean",
    "validation": "^(?:true)$",
    "validationRegExp": /\\^\\(\\?:true\\)\\$/,
  },
  "test/feature_e": {
    "appUrlActive": true,
    "fallbackValue": 5,
    "fallbackValueValidation": [
      5,
    ],
    "type": "number",
    "validation": "^\\d{1}$",
    "validationRegExp": /\\^\\\\d\\{1\\}\\$/,
  },
  "test/feature_f": {
    "appUrlActive": true,
    "fallbackValue": "best",
    "fallbackValueValidation": [
      "best",
    ],
    "type": "string",
    "validation": "^(?:best|worst)$",
    "validationRegExp": /\\^\\(\\?:best\\|worst\\)\\$/,
  },
  "test/feature_g": {
    "active": false,
    "appUrlActive": true,
    "fallbackValue": "activeTest",
    "fallbackValueValidation": [
      "activeTest",
    ],
    "type": "string",
    "validationRegExp": null,
  },
  "test/feature_h": {
    "appUrl": "\\.cfapps\\.sap\\.hana\\.ondemand\\.com$",
    "appUrlActive": true,
    "fallbackValue": "appUrlTest",
    "fallbackValueValidation": [
      "appUrlTest",
    ],
    "type": "string",
    "validationRegExp": null,
  },
}
`;

exports[`local integration test getFeatureValues, getFeatureConfigs 2`] = `[]`;

exports[`local integration test getFeatureValues, getFeatureConfigs 3`] = `
[
  [
    "%s | %O",
    "caught error event: connect ECONNREFUSED 127.0.0.1:6379",
    {
      "clientName": "main",
    },
  ],
]
`;

exports[`local integration test getFeatureValues, getFeatureConfigs 4`] = `[]`;

exports[`local integration test getFeatureValues, getFeatureConfigs 5`] = `
[
  [
    "finished initialization with %i feature toggle%s",
    8,
    "s",
  ],
]
`;

exports[`local integration test getFeatureValues, getFeatureConfigs 6`] = `
[
  [
    "error during initialization, using fallback values",
  ],
]
`;

exports[`local integration test getFeatureValues, getFeatureConfigs 7`] = `[]`;
