// Jest Snapshot v1, https://goo.gl/fbAQLP

exports[`local integration test getFeatureValue, changeFeatureValue 2`] = `[]`;

exports[`local integration test getFeatureValue, changeFeatureValue 3`] = `
[
  [
    "%s | %O",
    "caught error event: connect ECONNREFUSED 127.0.0.1:6379",
    {
      "clientName": "main",
    },
  ],
]
`;

exports[`local integration test getFeatureValue, changeFeatureValue 4`] = `[]`;

exports[`local integration test getFeatureValue, changeFeatureValue 5`] = `[]`;

exports[`local integration test getFeatureValue, changeFeatureValue 6`] = `
[
  [
    "error during change remote feature values, switching to local update",
  ],
]
`;

exports[`local integration test getFeatureValue, changeFeatureValue 7`] = `[]`;

exports[`local integration test getFeatureValues, getFeatureStates 1`] = `
{
  "test/feature_a": {
    "config": {
      "appUrlActive": true,
      "fallbackValue": false,
      "type": "boolean",
      "validationRegExp": null,
    },
    "fallbackValue": false,
    "key": "test/feature_a",
    "stateValue": undefined,
  },
  "test/feature_b": {
    "config": {
      "appUrlActive": true,
      "fallbackValue": 1,
      "type": "number",
      "validationRegExp": null,
    },
    "fallbackValue": 1,
    "key": "test/feature_b",
    "stateValue": undefined,
  },
  "test/feature_c": {
    "config": {
      "appUrlActive": true,
      "fallbackValue": "best",
      "type": "string",
      "validationRegExp": null,
    },
    "fallbackValue": "best",
    "key": "test/feature_c",
    "stateValue": undefined,
  },
  "test/feature_d": {
    "config": {
      "appUrlActive": true,
      "fallbackValue": true,
      "type": "boolean",
      "validation": "^(?:true)$",
      "validationRegExp": /\\^\\(\\?:true\\)\\$/,
    },
    "fallbackValue": true,
    "key": "test/feature_d",
    "stateValue": undefined,
  },
  "test/feature_e": {
    "config": {
      "appUrlActive": true,
      "fallbackValue": 5,
      "type": "number",
      "validation": "^\\d{1}$",
      "validationRegExp": /\\^\\\\d\\{1\\}\\$/,
    },
    "fallbackValue": 5,
    "key": "test/feature_e",
    "stateValue": undefined,
  },
  "test/feature_f": {
    "config": {
      "appUrlActive": true,
      "fallbackValue": "best",
      "type": "string",
      "validation": "^(?:best|worst)$",
      "validationRegExp": /\\^\\(\\?:best\\|worst\\)\\$/,
    },
    "fallbackValue": "best",
    "key": "test/feature_f",
    "stateValue": undefined,
  },
  "test/feature_g": {
    "config": {
      "active": false,
      "appUrlActive": true,
      "fallbackValue": "activeTest",
      "type": "string",
      "validationRegExp": null,
    },
    "fallbackValue": "activeTest",
    "key": "test/feature_g",
    "stateValue": undefined,
  },
  "test/feature_h": {
    "config": {
      "appUrl": "\\.cfapps\\.sap\\.hana\\.ondemand\\.com$",
      "appUrlActive": true,
      "fallbackValue": "appUrlTest",
      "type": "string",
      "validationRegExp": null,
    },
    "fallbackValue": "appUrlTest",
    "key": "test/feature_h",
    "stateValue": undefined,
  },
}
`;

exports[`local integration test getFeatureValues, getFeatureStates 2`] = `[]`;

exports[`local integration test getFeatureValues, getFeatureStates 3`] = `
[
  [
    "%s | %O",
    "caught error event: connect ECONNREFUSED 127.0.0.1:6379",
    {
      "clientName": "main",
    },
  ],
]
`;

exports[`local integration test getFeatureValues, getFeatureStates 4`] = `[]`;

exports[`local integration test getFeatureValues, getFeatureStates 5`] = `
[
  [
    "finished initialization with %i feature toggle%s",
    8,
    "s",
  ],
]
`;

exports[`local integration test getFeatureValues, getFeatureStates 6`] = `
[
  [
    "error during initialization, using fallback values",
  ],
]
`;

exports[`local integration test getFeatureValues, getFeatureStates 7`] = `[]`;
